../Core/Src/CAN_SPI.c:27:6:CANSPI_Sleep	8	static
../Core/Src/CAN_SPI.c:39:9:CANSPI_Initialize	40	static
../Core/Src/CAN_SPI.c:139:9:CANSPI_Transmit	24	static
../Core/Src/CAN_SPI.c:187:9:CANSPI_Receive	40	static
../Core/Src/CAN_SPI.c:237:9:CANSPI_messagesInBuffer	16	static
../Core/Src/CAN_SPI.c:257:9:CANSPI_isBussOff	16	static
../Core/Src/CAN_SPI.c:272:9:CANSPI_isRxErrorPassive	16	static
../Core/Src/CAN_SPI.c:287:9:CANSPI_isTxErrorPassive	16	static
../Core/Src/CAN_SPI.c:302:17:convertReg2ExtendedCANid	32	static
../Core/Src/CAN_SPI.c:324:17:convertReg2StandardCANid	24	static
../Core/Src/CAN_SPI.c:337:13:convertCANid2Reg	32	static
