../Core/Src/lcd16x2.c:60:17:DWT_Delay_Init	4	static,ignoring_inline_asm
../Core/Src/lcd16x2.c:86:22:DWT_Delay_us	24	static
../Core/Src/lcd16x2.c:96:13:lcd16x2_enablePulse	8	static
../Core/Src/lcd16x2.c:107:13:lcd16x2_rs	16	static
../Core/Src/lcd16x2.c:115:13:lcd16x2_write	24	static
../Core/Src/lcd16x2.c:152:13:lcd16x2_writeCommand	16	static
../Core/Src/lcd16x2.c:161:13:lcd16x2_writeData	16	static
../Core/Src/lcd16x2.c:170:13:lcd16x2_write4	16	static
../Core/Src/lcd16x2.c:191:6:lcd16x2_init_8bits	24	static
../Core/Src/lcd16x2.c:238:6:lcd16x2_init_4bits	24	static
../Core/Src/lcd16x2.c:281:6:lcd16x2_setCursor	24	static
../Core/Src/lcd16x2.c:299:6:lcd16x2_1stLine	8	static
../Core/Src/lcd16x2.c:306:6:lcd16x2_2ndLine	8	static
../Core/Src/lcd16x2.c:314:6:lcd16x2_twoLines	8	static
../Core/Src/lcd16x2.c:319:6:lcd16x2_oneLine	8	static
../Core/Src/lcd16x2.c:328:6:lcd16x2_cursorShow	16	static
../Core/Src/lcd16x2.c:345:6:lcd16x2_clear	8	static
../Core/Src/lcd16x2.c:354:6:lcd16x2_display	16	static
../Core/Src/lcd16x2.c:371:6:lcd16x2_shiftRight	24	static
../Core/Src/lcd16x2.c:382:6:lcd16x2_shiftLeft	24	static
../Core/Src/lcd16x2.c:393:6:lcd16x2_printf	48	static
