../Core/Src/main.c:67:6:delay_1	16	static
../Core/Src/main.c:111:6:HAL_TIM_IC_CaptureCallback	16	static
../Core/Src/main.c:285:6:HCSR04_Read_1	8	static
../Core/Src/main.c:298:6:HCSR04_Read_2	8	static
../Core/Src/main.c:310:6:HCSR04_Read_3	8	static
../Core/Src/main.c:328:5:main	64	static
../Core/Src/main.c:436:6:SystemClock_Config	88	static
../Core/Src/main.c:483:13:MX_SPI1_Init	8	static
../Core/Src/main.c:521:13:MX_TIM1_Init	48	static
../Core/Src/main.c:588:13:MX_USART6_UART_Init	8	static
../Core/Src/main.c:621:13:MX_GPIO_Init	40	static
../Core/Src/main.c:669:6:Error_Handler	4	static,ignoring_inline_asm
